Resolving dependencies...
Downloading packages...
+ async 2.13.1
+ boolean_selector 2.1.2
+ characters 1.4.1
+ clock 1.1.2
+ collection 1.19.1
+ cupertino_icons 1.0.9
+ fake_async 1.3.3
+ flutter 0.0.0 from sdk flutter
+ flutter_lints 3.0.2 (6.0.0 available)
+ flutter_test 0.0.0 from sdk flutter
+ leak_tracker 11.0.2
+ leak_tracker_flutter_testing 3.0.10
+ leak_tracker_testing 3.0.2
+ lints 3.0.0 (6.1.0 available)
+ matcher 0.12.18 (0.12.19 available)
+ material_color_utilities 0.13.0
+ meta 1.17.0 (1.18.2 available)
+ path 1.9.1
+ sky_engine 0.0.0 from sdk flutter
+ source_span 1.10.2
+ stack_trace 1.12.1
+ stream_channel 2.1.4
+ string_scanner 1.4.1
+ term_glyph 1.2.2
+ test_api 0.7.9 (0.7.11 available)
+ vector_math 2.2.0 (2.3.0 available)
+ vm_service 15.1.0
Changed 27 dependencies!
6 packages have newer versions incompatible with dependency constraints.
Try `flutter pub outdated` for more information.
This application is not configured to build on the web.
To add web support to a project, run `flutter create .`.
Launching lib/main.dart on Web Server in debug mode...
Waiting for connection from debug service on Web Server...         35.7s
lib/main.dart is being served at http://localhost:8080
The web-server device requires the Dart Debug Chrome extension for debugging. Consider using the Chrome or Edge devices for an improved development workflow.

Flutter run key commands.
r Hot reload. 🔥🔥🔥
R Hot restart.
h List all available interactive commands.
d Detach (terminate "flutter run" but leave application running).
c Clear the screen
q Quit (terminate the application on the device).

Debug service listening on ws://127.0.0.1:38011/UDg1DC_02wk=/ws
A Dart VM Service on Web Server is available at: http://127.0.0.1:38011/UDg1DC_02wk=
The Flutter DevTools debugger and profiler on Web Server is available at: http://127.0.0.1:38011/UDg1DC_02wk=/devtools/?uri=ws://127.0.0.1:38011/UDg1DC_02wk=/ws
